// Jest Snapshot v1, https://goo.gl/fbAQLP

exports[`Show Should show the button 1`] = `"<div class=\\"css-1qqjzai\\"><button class=\\"css-1qfxjdt\\">Testing 123</button></div>"`;
